---
source: crates/forge_server/tests/test_patches.rs
expression: "String :: from_utf8(patch_output).unwrap()"
---
--- original
+++ modified
@@ -1,4 +1,4 @@
 What is hell?
-I mantain that it is the sufferring of being unable to love.
-Once, in infinate existance, imeasurable time, an imeasurable being was given a chance to love, and what hapened?
-They rejected it, becuase they were preoccupied with themselfs alone.
+I maintain that it is the suffering of being unable to love.
+Once, in infinite existence, immeasurable time, an immeasurable being was given a chance to love, and what happened?
+They rejected it, because they were preoccupied with themselves alone.
\ No newline at end of file
