---
source: crates/forge_server/tests/test_patches.rs
expression: "String :: from_utf8(patch_output).unwrap()"
---
--- original
+++ modified
@@ -1,9 +1,7 @@
 fn main() {
-    let mut sum = 0;
-    for i in 1..=10 {
-        if i % 2 == 0 {
-            sum += i;
-        }
-    }
+    let sum: i32 = (1..=10)
+        .filter(|&i| i % 2 == 0)
+        .sum();
+    
     println!("Sum of even numbers: {}", sum);
-}
+}
\ No newline at end of file
